ASxxxx Linker V03.00 + NoICE + sdld,  page 1.
Hexadecimal  [32-Bits]

Area                                    Addr        Size        Decimal Bytes (Attributes)
--------------------------------        ----        ----        ------- ----- ------------
.  .ABS.                            00000000    00000000 =           0. bytes (ABS,CON)

      Value  Global                              Global Defined In Module
      -----  --------------------------------   ------------------------
     00000000  .__.ABS.                           _mullong
     00000000  l__BSEG                         
     00000000  l__BSS                          
     00000000  l__CABS                         
     00000000  l__DABS                         
     00000000  l__HEADER                       
     00000000  l__HEADER1                      
     00000000  l__HEADER2                      
     00000000  l__HEADER3                      
     00000000  l__HEADER4                      
     00000000  l__HEADER5                      
     00000000  l__HEADER6                      
     00000000  l__HEAP                         
     00000000  l__HOME                         
     00000000  s__CABS                         
     00000000  s__DABS                         
     00000000  s__HEADER                       
     00000000  s__HEADER0                      
     00000000  s__HEADER1                      
     00000000  s__HEADER2                      
     00000000  s__HEADER3                      
     00000000  s__HEADER4                      
     00000000  s__HEADER5                      
     00000000  s__HEADER6                      
     00000000  s__HEADER7                      
     00000000  s__HEADER8                      
     00000000  s__HEADER9                      
     00000001  l__GSFINAL                      
     00000003  l__HEADER0                      
     00000003  l__HEADER7                      
     00000003  l__HEADER8                      
     0000000A  l__HEADER9                      
     0000000F  l__GSINIT                       
     0000001E  l__INITIALIZED                  
     0000001E  l__INITIALIZER                  
     00000090  s__CODE                         
     00000FA7  l__DATA                         
     00003C0D  l__CODE                         
     00003C9D  s__HOME                         
     00003C9D  s__INITIALIZER                  
     00003CBB  s__GSINIT                       
     00003CCA  s__GSFINAL                      
     00008000  s__DATA                         
     00008FA7  s__INITIALIZED                  
     00008FC5  s__BSEG                         
     00008FC5  s__BSS                          
     00008FC5  s__HEAP                         

ASxxxx Linker V03.00 + NoICE + sdld,  page 2.
Hexadecimal  [32-Bits]

Area                                    Addr        Size        Decimal Bytes (Attributes)
--------------------------------        ----        ----        ------- ----- ------------
_CODE                               00000090    00003C0D =       15373. bytes (REL,CON)

      Value  Global                              Global Defined In Module
      -----  --------------------------------   ------------------------
     00000090  _io_write                          main
     00000090  _io_write_start                    main
     000000A1  _io_read                           main
     000000A1  _io_read_start                     main
     000000A1  _io_write_end                      main
     000000B7  _io_read_end                       main
     000000B7  _io_write_buffer                   main
     000000B7  _io_write_buffer_start             main
     000000D2  _io_read_buffer                    main
     000000D2  _io_read_buffer_start              main
     000000D2  _io_write_buffer_end               main
     000000ED  _io_read_buffer_end                main
     000000ED  _uart_init                         main
     000000ED  _uart_init_start                   main
     00000123  _uart_init_end                     main
     00000123  _uart_set_baudrate                 main
     00000123  _uart_set_baudrate_start           main
     0000013B  _uart_set_baudrate_end             main
     0000013B  _uart_write                        main
     0000013B  _uart_write_start                  main
     0000014C  _uart_read                         main
     0000014C  _uart_read_start                   main
     0000014C  _uart_write_end                    main
     00000158  _uart_print                        main
     00000158  _uart_print_start                  main
     00000158  _uart_read_end                     main
     0000016B  _uart_print_end                    main
     0000016B  _uart_read_line                    main
     0000016B  _uart_read_line_start              main
     00000207  _uart_disable_interrupts           main
     00000207  _uart_disable_interrupts_start     main
     00000207  _uart_read_line_end                main
     0000020C  _uart_disable_interrupts_end       main
     0000020C  _uart_enable_interrupts            main
     0000020C  _uart_enable_interrupts_start      main
     00000214  _ppi_init                          main
     00000214  _ppi_init_start                    main
     00000214  _uart_enable_interrupts_end        main
     00000253  _ppi_init_end                      main
     00000253  _ppi_set_portc_bit                 main
     00000253  _ppi_set_portc_bit_start           main
     0000025E  _ppi_clear_portc_bit               main
     0000025E  _ppi_clear_portc_bit_start         main
     0000025E  _ppi_set_portc_bit_end             main
     00000267  _delay_10us                        main
     00000267  _delay_10us_start                  main
     00000267  _ppi_clear_portc_bit_end           main
     00000270  _delay_100us                       main
     00000270  _delay_100us_start                 main
     00000270  _delay_10us_end                    main
ASxxxx Linker V03.00 + NoICE + sdld,  page 3.
Hexadecimal  [32-Bits]

Area                                    Addr        Size        Decimal Bytes (Attributes)
--------------------------------        ----        ----        ------- ----- ------------
_CODE                               00000090    00003C0D =       15373. bytes (REL,CON)

      Value  Global                              Global Defined In Module
      -----  --------------------------------   ------------------------
     00000279  _delay_100us_end                   main
     00000279  _delay_ms                          main
     00000279  _delay_ms_start                    main
     0000028F  _delay_ms_end                      main
     0000028F  _putchar                           main
     0000028F  _putchar_start                     main
     000002AC  _getchar                           main
     000002AC  _getchar_start                     main
     000002AC  _putchar_end                       main
     000002AF  _getchar_end                       main
     000002AF  _isr_vector66                      main
     000002AF  _isr_vector66_start                main
     000002BD  _isr_vector66_end                  main
     00000389  _isr_vector38                      main
     00000389  _isr_vector38_start                main
     00000397  _isr_vector38_end                  main
     00000397  _main                              main
     00000397  _main_start                        main
     000003FA  _main_end                          main
     000003FA  _system_init                       main
     000003FA  _system_init_start                 main
     00000405  _lcd_init                          main
     00000405  _lcd_init_start                    main
     00000405  _system_init_end                   main
     000004AE  _lcd_init_end                      main
     000004AE  _writeRegister24                   main
     000004AE  _writeRegister24_start             main
     0000052D  _writeRegister24_end               main
     0000052D  _writeRegister32                   main
     0000052D  _writeRegister32_start             main
     000005D2  _writeRegister16                   main
     000005D2  _writeRegister16_start             main
     000005D2  _writeRegister32_end               main
     0000060F  _write8                            main
     0000060F  _write8_start                      main
     0000060F  _writeRegister16_end               main
     00000623  _setAddrWindow                     main
     00000623  _setAddrWindow_start               main
     00000623  _write8_end                        main
     00000682  _reset                             main
     00000682  _reset_start                       main
     00000682  _setAddrWindow_end                 main
     000006D6  _fillScreen                        main
     000006D6  _fillScreen_start                  main
     000006D6  _reset_end                         main
     0000070C  _fillScreen_end                    main
     0000070C  _flood                             main
     0000070C  _flood_start                       main
     000008E3  _drawPixel                         main
     000008E3  _drawPixel_start                   main
     000008E3  _flood_end                         main
ASxxxx Linker V03.00 + NoICE + sdld,  page 4.
Hexadecimal  [32-Bits]

Area                                    Addr        Size        Decimal Bytes (Attributes)
--------------------------------        ----        ----        ------- ----- ------------
_CODE                               00000090    00003C0D =       15373. bytes (REL,CON)

      Value  Global                              Global Defined In Module
      -----  --------------------------------   ------------------------
     00000954  _drawPixel_end                     main
     00000954  _fillRect                          main
     00000954  _fillRect_start                    main
     00000ADB  _drawGraf                          main
     00000ADB  _drawGraf_start                    main
     00000ADB  _fillRect_end                      main
     0000118D  _drawGraf_end                      main
     0000118D  _pintaSprite                       main
     0000118D  _pintaSprite_start                 main
     00001598  _color565                          main
     00001598  _color565_start                    main
     00001598  _pintaSprite_end                   main
     000015CD  _color565_end                      main
     000015CD  _init_pantalla                     main
     000015CD  _init_pantalla_start               main
     000015F4  _init_pantalla_end                 main
     000015F4  _pintaAzul                         main
     000015F4  _pintaAzul_start                   main
     0000160D  _pintaAzul_end                     main
     0000160D  _pintaNegro                        main
     0000160D  _pintaNegro_start                  main
     00001628  _pintaBarra                        main
     00001628  _pintaBarra_start                  main
     00001628  _pintaNegro_end                    main
     00001671  _pintaBarra_end                    main
     00001671  _repinta_rana                      main
     00001671  _repinta_rana_start                main
     0000174A  _repinta_rana_end                  main
     0000368F  __mullong_rrf_s                    
     0000368F  __mullong_rrx_s                    
     00003692  __modslong_rrf_s                   
     00003692  __modslong_rrx_s                   
     00003695  __modulong_rrf_s                   
     00003695  __modulong_rrx_s                   
     00003698  __divslong_rrf_s                   
     00003698  __divslong_rrx_s                   
     0000369B  __divulong_rrf_s                   
     0000369B  __divulong_rrx_s                   
     0000369E  __mulint_rrf_s                     
     000036A4  __divsint_rrf_s                    
     000036AA  __divuint_rrf_s                    
     000036B0  __mulschar_rrf_s                   
     000036B6  __divschar_rrf_s                   
     000036BC  __modschar_rrf_s                   
     000036C2  __muluchar_rrf_s                   
     000036C8  __divuchar_rrf_s                   
     000036CE  __moduchar_rrf_s                   
     000036D4  __mulsuchar_rrf_s                  
     000036DA  __divsuchar_rrf_s                  
     000036E0  __modsuchar_rrf_s                  
     000036E6  __muluschar_rrf_s                  
ASxxxx Linker V03.00 + NoICE + sdld,  page 5.
Hexadecimal  [32-Bits]

Area                                    Addr        Size        Decimal Bytes (Attributes)
--------------------------------        ----        ----        ------- ----- ------------
_CODE                               00000090    00003C0D =       15373. bytes (REL,CON)

      Value  Global                              Global Defined In Module
      -----  --------------------------------   ------------------------
     000036EC  __divuschar_rrf_s                  
     000036F2  __moduschar_rrf_s                  
     000036F8  __modsint_rrf_s                    
     000036FE  __moduint_rrf_s                    
     00003704  __moduchar_rrx_s                   
     0000370B  __moduchar_rrx_hds                 
     00003710  __moduint_rrx_s                    
     00003716  __moduint_rrx_hds                  
     0000371B  __divsint_rrx_s                    
     00003724  __divschar_rrx_s                   
     0000372B  __div8                             
     0000372B  __divschar_rrx_hds                 
     0000372F  __div_signexte                     
     00003733  __div16                            
     00003733  __divsint_rrx_hds                  
     00003759  __get_remainder                    
     00003763  __divuint_rrx_s                    
     0000376B  __divuchar_rrx_s                   
     00003772  __divu8                            
     00003772  __divuchar_rrx_hds                 
     00003775  __divu16                           
     00003775  __divuint_rrx_hds                  
     000037A4  __modsuchar_rrx_s                  
     000037B3  __moduschar_rrx_s                  
     000037C5  __divsuchar_rrx_s                  
     000037D1  __divuschar_rrx_s                  
     000037E0  __modschar_rrx_s                   
     000037E7  __modschar_rrx_hds                 
     000037ED  __modsint_rrx_s                    
     000037F3  __modsint_rrx_hds                  
     000037F9  __muluchar_rrx_s                   
     0000380B  __mulsuchar_rrx_s                  
     00003815  __muluschar_rrx_s                  
     0000381F  __mulschar_rrx_s                   
     00003826  __mulschar_rrx_hds                 
     00003832  __modslong                         _modslong
     00003832  __modslong_start                   _modslong
     000038D6  __modslong_end                     _modslong
     000038D6  __modulong                         _modulong
     000038D6  __modulong_start                   _modulong
     00003993  __divslong                         _divslong
     00003993  __divslong_start                   _divslong
     00003993  __modulong_end                     _modulong
     00003A49  __divslong_end                     _divslong
     00003A49  __mulint_rrx_s                     
     00003A4F  __mulint_rrx_hds                   
     00003A4F  __muluchar_rrx_hds                 
     00003A51  __mul16                            
     00003A65  __divulong                         _divulong
     00003A65  __divulong_start                   _divulong
     00003AE3  __divulong_end                     _divulong
ASxxxx Linker V03.00 + NoICE + sdld,  page 6.
Hexadecimal  [32-Bits]

Area                                    Addr        Size        Decimal Bytes (Attributes)
--------------------------------        ----        ----        ------- ----- ------------
_CODE                               00000090    00003C0D =       15373. bytes (REL,CON)

      Value  Global                              Global Defined In Module
      -----  --------------------------------   ------------------------
     00003AE3  _isprint                           isprint
     00003AE3  _isprint_start                     isprint
     00003B1F  __mullong                          _mullong
     00003B1F  __mullong_start                    _mullong
     00003B1F  _isprint_end                       isprint
     00003C9D  __mullong_end                      _mullong

ASxxxx Linker V03.00 + NoICE + sdld,  page 7.
Hexadecimal  [32-Bits]

Area                                    Addr        Size        Decimal Bytes (Attributes)
--------------------------------        ----        ----        ------- ----- ------------
_HEADER0                            00000000    00000003 =           3. bytes (ABS,CON)

      Value  Global                              Global Defined In Module
      -----  --------------------------------   ------------------------
ASxxxx Linker V03.00 + NoICE + sdld,  page 8.
Hexadecimal  [32-Bits]

Area                                    Addr        Size        Decimal Bytes (Attributes)
--------------------------------        ----        ----        ------- ----- ------------
_HEADER7                            00000000    00000003 =           3. bytes (ABS,CON)

      Value  Global                              Global Defined In Module
      -----  --------------------------------   ------------------------
ASxxxx Linker V03.00 + NoICE + sdld,  page 9.
Hexadecimal  [32-Bits]

Area                                    Addr        Size        Decimal Bytes (Attributes)
--------------------------------        ----        ----        ------- ----- ------------
_HEADER8                            00000000    00000003 =           3. bytes (ABS,CON)

      Value  Global                              Global Defined In Module
      -----  --------------------------------   ------------------------
ASxxxx Linker V03.00 + NoICE + sdld,  page 10.
Hexadecimal  [32-Bits]

Area                                    Addr        Size        Decimal Bytes (Attributes)
--------------------------------        ----        ----        ------- ----- ------------
_HEADER9                            00000000    0000000A =          10. bytes (ABS,CON)

      Value  Global                              Global Defined In Module
      -----  --------------------------------   ------------------------
ASxxxx Linker V03.00 + NoICE + sdld,  page 11.
Hexadecimal  [32-Bits]

Area                                    Addr        Size        Decimal Bytes (Attributes)
--------------------------------        ----        ----        ------- ----- ------------
_INITIALIZER                        00003C9D    0000001E =          30. bytes (REL,CON)

      Value  Global                              Global Defined In Module
      -----  --------------------------------   ------------------------
ASxxxx Linker V03.00 + NoICE + sdld,  page 12.
Hexadecimal  [32-Bits]

Area                                    Addr        Size        Decimal Bytes (Attributes)
--------------------------------        ----        ----        ------- ----- ------------
_GSINIT                             00003CBB    0000000F =          15. bytes (REL,CON)

      Value  Global                              Global Defined In Module
      -----  --------------------------------   ------------------------
     00003CBB  gsinit                             init

ASxxxx Linker V03.00 + NoICE + sdld,  page 13.
Hexadecimal  [32-Bits]

Area                                    Addr        Size        Decimal Bytes (Attributes)
--------------------------------        ----        ----        ------- ----- ------------
_GSFINAL                            00003CCA    00000001 =           1. bytes (REL,CON)

      Value  Global                              Global Defined In Module
      -----  --------------------------------   ------------------------
ASxxxx Linker V03.00 + NoICE + sdld,  page 14.
Hexadecimal  [32-Bits]

Area                                    Addr        Size        Decimal Bytes (Attributes)
--------------------------------        ----        ----        ------- ----- ------------
_DATA                               00008000    00000FA7 =        4007. bytes (REL,CON)

      Value  Global                              Global Defined In Module
      -----  --------------------------------   ------------------------
     00008000  ___ret_aux                         main
     00008001  _cuadroMorado                      main
     00008321  _rana                              main
     00008641  _rana2                             main
     00008961  _rana3                             main
     00008C81  _rana4                             main
     00008FA1  _jug                               main

ASxxxx Linker V03.00 + NoICE + sdld,  page 15.
Hexadecimal  [32-Bits]

Area                                    Addr        Size        Decimal Bytes (Attributes)
--------------------------------        ----        ----        ------- ----- ------------
_INITIALIZED                        00008FA7    0000001E =          30. bytes (REL,CON)

      Value  Global                              Global Defined In Module
      -----  --------------------------------   ------------------------
ASxxxx Linker V03.00 + NoICE + sdld,  page 16.

Files Linked                              [ module(s) ]

_build/sysmap.rel                         [ init ]
_build/Z80-Template-Proyect.rel           [ main ]


Libraries Linked                          [ object file ]

/usr/bin/../share/sdcc/lib/z80/z80.lib    [ stubs.rel ]
/usr/bin/../share/sdcc/lib/z80/z80.lib    [ modunsigned.rel ]
/usr/bin/../share/sdcc/lib/z80/z80.lib    [ divsigned.rel ]
/usr/bin/../share/sdcc/lib/z80/z80.lib    [ divunsigned.rel ]
/usr/bin/../share/sdcc/lib/z80/z80.lib    [ modmixed.rel ]
/usr/bin/../share/sdcc/lib/z80/z80.lib    [ divmixed.rel ]
/usr/bin/../share/sdcc/lib/z80/z80.lib    [ modsigned.rel ]
/usr/bin/../share/sdcc/lib/z80/z80.lib    [ mulchar.rel ]
/usr/bin/../share/sdcc/lib/z80/z80.lib    [ _modslong.rel ]
/usr/bin/../share/sdcc/lib/z80/z80.lib    [ _modulong.rel ]
/usr/bin/../share/sdcc/lib/z80/z80.lib    [ _divslong.rel ]
/usr/bin/../share/sdcc/lib/z80/z80.lib    [ mul.rel ]
/usr/bin/../share/sdcc/lib/z80/z80.lib    [ _divulong.rel ]
/usr/bin/../share/sdcc/lib/z80/z80.lib    [ isprint.rel ]
/usr/bin/../share/sdcc/lib/z80/z80.lib    [ _mullong.rel ]

ASxxxx Linker V03.00 + NoICE + sdld,  page 17.

User Base Address Definitions

_CODE = 0x0090
_DATA = 0x8000

