ASxxxx Linker V03.00 + NoICE + sdld,  page 1.
Hexadecimal  [32-Bits]

Area                                    Addr        Size        Decimal Bytes (Attributes)
--------------------------------        ----        ----        ------- ----- ------------
.  .ABS.                            00000000    00000000 =           0. bytes (ABS,CON)

      Value  Global                              Global Defined In Module
      -----  --------------------------------   ------------------------
     00000000  .__.ABS.                           isprint
     00000000  l__BSEG                         
     00000000  l__BSS                          
     00000000  l__CABS                         
     00000000  l__DABS                         
     00000000  l__HEADER                       
     00000000  l__HEADER1                      
     00000000  l__HEADER2                      
     00000000  l__HEADER3                      
     00000000  l__HEADER4                      
     00000000  l__HEADER5                      
     00000000  l__HEADER6                      
     00000000  l__HEAP                         
     00000000  l__HOME                         
     00000000  l__INITIALIZED                  
     00000000  l__INITIALIZER                  
     00000000  s__CABS                         
     00000000  s__DABS                         
     00000000  s__HEADER                       
     00000000  s__HEADER0                      
     00000000  s__HEADER1                      
     00000000  s__HEADER2                      
     00000000  s__HEADER3                      
     00000000  s__HEADER4                      
     00000000  s__HEADER5                      
     00000000  s__HEADER6                      
     00000000  s__HEADER7                      
     00000000  s__HEADER8                      
     00000000  s__HEADER9                      
     00000001  l__DATA                         
     00000001  l__GSFINAL                      
     00000003  l__HEADER0                      
     00000003  l__HEADER7                      
     00000003  l__HEADER8                      
     0000000A  l__HEADER9                      
     0000000F  l__GSINIT                       
     00000090  s__CODE                         
     00000619  l__CODE                         
     000006A9  s__GSINIT                       
     000006A9  s__HOME                         
     000006A9  s__INITIALIZER                  
     000006B8  s__GSFINAL                      
     00008000  s__DATA                         
     00008001  s__BSEG                         
     00008001  s__BSS                          
     00008001  s__HEAP                         
     00008001  s__INITIALIZED                  

ASxxxx Linker V03.00 + NoICE + sdld,  page 2.
Hexadecimal  [32-Bits]

Area                                    Addr        Size        Decimal Bytes (Attributes)
--------------------------------        ----        ----        ------- ----- ------------
_CODE                               00000090    00000619 =        1561. bytes (REL,CON)

      Value  Global                              Global Defined In Module
      -----  --------------------------------   ------------------------
     00000090  _io_write                          main
     00000090  _io_write_start                    main
     000000A1  _io_read                           main
     000000A1  _io_read_start                     main
     000000A1  _io_write_end                      main
     000000B7  _io_read_end                       main
     000000B7  _io_write_buffer                   main
     000000B7  _io_write_buffer_start             main
     000000D2  _io_read_buffer                    main
     000000D2  _io_read_buffer_start              main
     000000D2  _io_write_buffer_end               main
     000000ED  _io_read_buffer_end                main
     000000ED  _uart_init                         main
     000000ED  _uart_init_start                   main
     00000123  _uart_init_end                     main
     00000123  _uart_set_baudrate                 main
     00000123  _uart_set_baudrate_start           main
     0000013B  _uart_set_baudrate_end             main
     0000013B  _uart_write                        main
     0000013B  _uart_write_start                  main
     0000014C  _uart_read                         main
     0000014C  _uart_read_start                   main
     0000014C  _uart_write_end                    main
     00000158  _uart_print                        main
     00000158  _uart_print_start                  main
     00000158  _uart_read_end                     main
     0000016B  _uart_print_end                    main
     0000016B  _uart_read_line                    main
     0000016B  _uart_read_line_start              main
     00000207  _uart_disable_interrupts           main
     00000207  _uart_disable_interrupts_start     main
     00000207  _uart_read_line_end                main
     0000020C  _uart_disable_interrupts_end       main
     0000020C  _uart_enable_interrupts            main
     0000020C  _uart_enable_interrupts_start      main
     00000214  _ppi_init                          main
     00000214  _ppi_init_start                    main
     00000214  _uart_enable_interrupts_end        main
     00000253  _ppi_init_end                      main
     00000253  _ppi_set_portc_bit                 main
     00000253  _ppi_set_portc_bit_start           main
     0000025E  _ppi_clear_portc_bit               main
     0000025E  _ppi_clear_portc_bit_start         main
     0000025E  _ppi_set_portc_bit_end             main
     00000267  _delay_10us                        main
     00000267  _delay_10us_start                  main
     00000267  _ppi_clear_portc_bit_end           main
     00000270  _delay_100us                       main
     00000270  _delay_100us_start                 main
     00000270  _delay_10us_end                    main
ASxxxx Linker V03.00 + NoICE + sdld,  page 3.
Hexadecimal  [32-Bits]

Area                                    Addr        Size        Decimal Bytes (Attributes)
--------------------------------        ----        ----        ------- ----- ------------
_CODE                               00000090    00000619 =        1561. bytes (REL,CON)

      Value  Global                              Global Defined In Module
      -----  --------------------------------   ------------------------
     00000279  _delay_100us_end                   main
     00000279  _delay_ms                          main
     00000279  _delay_ms_start                    main
     0000028F  _delay_ms_end                      main
     0000028F  _putchar                           main
     0000028F  _putchar_start                     main
     000002AC  _getchar                           main
     000002AC  _getchar_start                     main
     000002AC  _putchar_end                       main
     000002AF  _getchar_end                       main
     000002AF  _isr_vector66                      main
     000002AF  _isr_vector66_start                main
     000002BD  _isr_vector66_end                  main
     00000389  _isr_vector38                      main
     00000389  _isr_vector38_start                main
     00000397  _isr_vector38_end                  main
     00000397  _main                              main
     00000397  _main_start                        main
     0000039D  _main_end                          main
     0000039D  _system_init                       main
     0000039D  _system_init_start                 main
     000003A4  _lcd_init                          main
     000003A4  _lcd_init_start                    main
     000003A4  _system_init_end                   main
     0000042F  _lcd_init_end                      main
     0000042F  _writeRegister24                   main
     0000042F  _writeRegister24_start             main
     000004B7  _writeRegister24_end               main
     000004B7  _writeRegister32                   main
     000004B7  _writeRegister32_start             main
     00000568  _writeRegister16                   main
     00000568  _writeRegister16_start             main
     00000568  _writeRegister32_end               main
     00000599  _write8                            main
     00000599  _write8_start                      main
     00000599  _writeRegister16_end               main
     000005AD  _setAddrWindow                     main
     000005AD  _setAddrWindow_start               main
     000005AD  _write8_end                        main
     00000617  _reset                             main
     00000617  _reset_start                       main
     00000617  _setAddrWindow_end                 main
     0000066D  _isprint                           isprint
     0000066D  _isprint_start                     isprint
     0000066D  _reset_end                         main
     000006A9  _isprint_end                       isprint
ASxxxx Linker V03.00 + NoICE + sdld,  page 4.
Hexadecimal  [32-Bits]

Area                                    Addr        Size        Decimal Bytes (Attributes)
--------------------------------        ----        ----        ------- ----- ------------
_HEADER0                            00000000    00000003 =           3. bytes (ABS,CON)

      Value  Global                              Global Defined In Module
      -----  --------------------------------   ------------------------
ASxxxx Linker V03.00 + NoICE + sdld,  page 5.
Hexadecimal  [32-Bits]

Area                                    Addr        Size        Decimal Bytes (Attributes)
--------------------------------        ----        ----        ------- ----- ------------
_HEADER7                            00000000    00000003 =           3. bytes (ABS,CON)

      Value  Global                              Global Defined In Module
      -----  --------------------------------   ------------------------
ASxxxx Linker V03.00 + NoICE + sdld,  page 6.
Hexadecimal  [32-Bits]

Area                                    Addr        Size        Decimal Bytes (Attributes)
--------------------------------        ----        ----        ------- ----- ------------
_HEADER8                            00000000    00000003 =           3. bytes (ABS,CON)

      Value  Global                              Global Defined In Module
      -----  --------------------------------   ------------------------
ASxxxx Linker V03.00 + NoICE + sdld,  page 7.
Hexadecimal  [32-Bits]

Area                                    Addr        Size        Decimal Bytes (Attributes)
--------------------------------        ----        ----        ------- ----- ------------
_HEADER9                            00000000    0000000A =          10. bytes (ABS,CON)

      Value  Global                              Global Defined In Module
      -----  --------------------------------   ------------------------
ASxxxx Linker V03.00 + NoICE + sdld,  page 8.
Hexadecimal  [32-Bits]

Area                                    Addr        Size        Decimal Bytes (Attributes)
--------------------------------        ----        ----        ------- ----- ------------
_GSINIT                             000006A9    0000000F =          15. bytes (REL,CON)

      Value  Global                              Global Defined In Module
      -----  --------------------------------   ------------------------
     000006A9  gsinit                             init

ASxxxx Linker V03.00 + NoICE + sdld,  page 9.
Hexadecimal  [32-Bits]

Area                                    Addr        Size        Decimal Bytes (Attributes)
--------------------------------        ----        ----        ------- ----- ------------
_GSFINAL                            000006B8    00000001 =           1. bytes (REL,CON)

      Value  Global                              Global Defined In Module
      -----  --------------------------------   ------------------------
ASxxxx Linker V03.00 + NoICE + sdld,  page 10.
Hexadecimal  [32-Bits]

Area                                    Addr        Size        Decimal Bytes (Attributes)
--------------------------------        ----        ----        ------- ----- ------------
_DATA                               00008000    00000001 =           1. bytes (REL,CON)

      Value  Global                              Global Defined In Module
      -----  --------------------------------   ------------------------
     00008000  ___ret_aux                         main

ASxxxx Linker V03.00 + NoICE + sdld,  page 11.

Files Linked                              [ module(s) ]

_build/sysmap.rel                         [ init ]
_build/Z80-Template-Proyect.rel           [ main ]


Libraries Linked                          [ object file ]

/usr/bin/../share/sdcc/lib/z80/z80.lib    [ isprint.rel ]

ASxxxx Linker V03.00 + NoICE + sdld,  page 12.

User Base Address Definitions

_CODE = 0x0090
_DATA = 0x8000

