ASxxxx Linker V03.00 + NoICE + sdld,  page 1.
Hexadecimal  [32-Bits]

Area                                    Addr        Size        Decimal Bytes (Attributes)
--------------------------------        ----        ----        ------- ----- ------------
.  .ABS.                            00000000    00000000 =           0. bytes (ABS,CON)

      Value  Global                              Global Defined In Module
      -----  --------------------------------   ------------------------
     00000000  .__.ABS.                           _mullong
     00000000  l__BSEG                         
     00000000  l__BSS                          
     00000000  l__CABS                         
     00000000  l__DABS                         
     00000000  l__HEADER                       
     00000000  l__HEADER1                      
     00000000  l__HEADER2                      
     00000000  l__HEADER3                      
     00000000  l__HEADER4                      
     00000000  l__HEADER5                      
     00000000  l__HEADER6                      
     00000000  l__HEAP                         
     00000000  l__HOME                         
     00000000  s__CABS                         
     00000000  s__DABS                         
     00000000  s__HEADER                       
     00000000  s__HEADER0                      
     00000000  s__HEADER1                      
     00000000  s__HEADER2                      
     00000000  s__HEADER3                      
     00000000  s__HEADER4                      
     00000000  s__HEADER5                      
     00000000  s__HEADER6                      
     00000000  s__HEADER7                      
     00000000  s__HEADER8                      
     00000000  s__HEADER9                      
     00000001  l__GSFINAL                      
     00000003  l__HEADER0                      
     00000003  l__HEADER7                      
     00000003  l__HEADER8                      
     0000000A  l__HEADER9                      
     0000000F  l__GSINIT                       
     0000001E  l__INITIALIZED                  
     0000001E  l__INITIALIZER                  
     00000090  s__CODE                         
     00000FA7  l__DATA                         
     00003BDB  l__CODE                         
     00003C6B  s__HOME                         
     00003C6B  s__INITIALIZER                  
     00003C89  s__GSINIT                       
     00003C98  s__GSFINAL                      
     00008000  s__DATA                         
     00008FA7  s__INITIALIZED                  
     00008FC5  s__BSEG                         
     00008FC5  s__BSS                          
     00008FC5  s__HEAP                         

ASxxxx Linker V03.00 + NoICE + sdld,  page 2.
Hexadecimal  [32-Bits]

Area                                    Addr        Size        Decimal Bytes (Attributes)
--------------------------------        ----        ----        ------- ----- ------------
_CODE                               00000090    00003BDB =       15323. bytes (REL,CON)

      Value  Global                              Global Defined In Module
      -----  --------------------------------   ------------------------
     00000090  _io_write                          main
     00000090  _io_write_start                    main
     000000A1  _io_read                           main
     000000A1  _io_read_start                     main
     000000A1  _io_write_end                      main
     000000B7  _io_read_end                       main
     000000B7  _io_write_buffer                   main
     000000B7  _io_write_buffer_start             main
     000000D2  _io_read_buffer                    main
     000000D2  _io_read_buffer_start              main
     000000D2  _io_write_buffer_end               main
     000000ED  _io_read_buffer_end                main
     000000ED  _uart_init                         main
     000000ED  _uart_init_start                   main
     00000123  _uart_init_end                     main
     00000123  _uart_set_baudrate                 main
     00000123  _uart_set_baudrate_start           main
     0000013B  _uart_set_baudrate_end             main
     0000013B  _uart_write                        main
     0000013B  _uart_write_start                  main
     0000014C  _uart_read                         main
     0000014C  _uart_read_start                   main
     0000014C  _uart_write_end                    main
     00000158  _uart_print                        main
     00000158  _uart_print_start                  main
     00000158  _uart_read_end                     main
     0000016B  _uart_print_end                    main
     0000016B  _uart_read_line                    main
     0000016B  _uart_read_line_start              main
     00000207  _uart_disable_interrupts           main
     00000207  _uart_disable_interrupts_start     main
     00000207  _uart_read_line_end                main
     0000020C  _uart_disable_interrupts_end       main
     0000020C  _uart_enable_interrupts            main
     0000020C  _uart_enable_interrupts_start      main
     00000214  _ppi_init                          main
     00000214  _ppi_init_start                    main
     00000214  _uart_enable_interrupts_end        main
     00000253  _ppi_init_end                      main
     00000253  _ppi_set_portc_bit                 main
     00000253  _ppi_set_portc_bit_start           main
     0000025E  _ppi_clear_portc_bit               main
     0000025E  _ppi_clear_portc_bit_start         main
     0000025E  _ppi_set_portc_bit_end             main
     00000267  _delay_10us                        main
     00000267  _delay_10us_start                  main
     00000267  _ppi_clear_portc_bit_end           main
     00000270  _delay_100us                       main
     00000270  _delay_100us_start                 main
     00000270  _delay_10us_end                    main
ASxxxx Linker V03.00 + NoICE + sdld,  page 3.
Hexadecimal  [32-Bits]

Area                                    Addr        Size        Decimal Bytes (Attributes)
--------------------------------        ----        ----        ------- ----- ------------
_CODE                               00000090    00003BDB =       15323. bytes (REL,CON)

      Value  Global                              Global Defined In Module
      -----  --------------------------------   ------------------------
     00000279  _delay_100us_end                   main
     00000279  _delay_ms                          main
     00000279  _delay_ms_start                    main
     0000028F  _delay_ms_end                      main
     0000028F  _putchar                           main
     0000028F  _putchar_start                     main
     000002AC  _getchar                           main
     000002AC  _getchar_start                     main
     000002AC  _putchar_end                       main
     000002AF  _getchar_end                       main
     000002AF  _isr_vector66                      main
     000002AF  _isr_vector66_start                main
     000002BD  _isr_vector66_end                  main
     00000389  _isr_vector38                      main
     00000389  _isr_vector38_start                main
     00000399  _isr_vector38_end                  main
     00000399  _main                              main
     00000399  _main_start                        main
     000003C1  _main_end                          main
     000003C1  _system_init                       main
     000003C1  _system_init_start                 main
     000003D3  _lcd_init                          main
     000003D3  _lcd_init_start                    main
     000003D3  _system_init_end                   main
     0000047C  _lcd_init_end                      main
     0000047C  _writeRegister24                   main
     0000047C  _writeRegister24_start             main
     000004FB  _writeRegister24_end               main
     000004FB  _writeRegister32                   main
     000004FB  _writeRegister32_start             main
     000005A0  _writeRegister16                   main
     000005A0  _writeRegister16_start             main
     000005A0  _writeRegister32_end               main
     000005DD  _write8                            main
     000005DD  _write8_start                      main
     000005DD  _writeRegister16_end               main
     000005F1  _setAddrWindow                     main
     000005F1  _setAddrWindow_start               main
     000005F1  _write8_end                        main
     00000650  _reset                             main
     00000650  _reset_start                       main
     00000650  _setAddrWindow_end                 main
     000006A4  _fillScreen                        main
     000006A4  _fillScreen_start                  main
     000006A4  _reset_end                         main
     000006DA  _fillScreen_end                    main
     000006DA  _flood                             main
     000006DA  _flood_start                       main
     000008B1  _drawPixel                         main
     000008B1  _drawPixel_start                   main
     000008B1  _flood_end                         main
ASxxxx Linker V03.00 + NoICE + sdld,  page 4.
Hexadecimal  [32-Bits]

Area                                    Addr        Size        Decimal Bytes (Attributes)
--------------------------------        ----        ----        ------- ----- ------------
_CODE                               00000090    00003BDB =       15323. bytes (REL,CON)

      Value  Global                              Global Defined In Module
      -----  --------------------------------   ------------------------
     00000922  _drawPixel_end                     main
     00000922  _fillRect                          main
     00000922  _fillRect_start                    main
     00000AA9  _drawGraf                          main
     00000AA9  _drawGraf_start                    main
     00000AA9  _fillRect_end                      main
     0000115B  _drawGraf_end                      main
     0000115B  _pintaSprite                       main
     0000115B  _pintaSprite_start                 main
     00001566  _color565                          main
     00001566  _color565_start                    main
     00001566  _pintaSprite_end                   main
     0000159B  _color565_end                      main
     0000159B  _init_pantalla                     main
     0000159B  _init_pantalla_start               main
     000015C2  _init_pantalla_end                 main
     000015C2  _pintaAzul                         main
     000015C2  _pintaAzul_start                   main
     000015DB  _pintaAzul_end                     main
     000015DB  _pintaNegro                        main
     000015DB  _pintaNegro_start                  main
     000015F6  _pintaBarra                        main
     000015F6  _pintaBarra_start                  main
     000015F6  _pintaNegro_end                    main
     0000163F  _pintaBarra_end                    main
     0000163F  _repinta_rana                      main
     0000163F  _repinta_rana_start                main
     00001718  _repinta_rana_end                  main
     0000365D  __mullong_rrf_s                    
     0000365D  __mullong_rrx_s                    
     00003660  __modslong_rrf_s                   
     00003660  __modslong_rrx_s                   
     00003663  __modulong_rrf_s                   
     00003663  __modulong_rrx_s                   
     00003666  __divslong_rrf_s                   
     00003666  __divslong_rrx_s                   
     00003669  __divulong_rrf_s                   
     00003669  __divulong_rrx_s                   
     0000366C  __mulint_rrf_s                     
     00003672  __divsint_rrf_s                    
     00003678  __divuint_rrf_s                    
     0000367E  __mulschar_rrf_s                   
     00003684  __divschar_rrf_s                   
     0000368A  __modschar_rrf_s                   
     00003690  __muluchar_rrf_s                   
     00003696  __divuchar_rrf_s                   
     0000369C  __moduchar_rrf_s                   
     000036A2  __mulsuchar_rrf_s                  
     000036A8  __divsuchar_rrf_s                  
     000036AE  __modsuchar_rrf_s                  
     000036B4  __muluschar_rrf_s                  
ASxxxx Linker V03.00 + NoICE + sdld,  page 5.
Hexadecimal  [32-Bits]

Area                                    Addr        Size        Decimal Bytes (Attributes)
--------------------------------        ----        ----        ------- ----- ------------
_CODE                               00000090    00003BDB =       15323. bytes (REL,CON)

      Value  Global                              Global Defined In Module
      -----  --------------------------------   ------------------------
     000036BA  __divuschar_rrf_s                  
     000036C0  __moduschar_rrf_s                  
     000036C6  __modsint_rrf_s                    
     000036CC  __moduint_rrf_s                    
     000036D2  __moduchar_rrx_s                   
     000036D9  __moduchar_rrx_hds                 
     000036DE  __moduint_rrx_s                    
     000036E4  __moduint_rrx_hds                  
     000036E9  __divsint_rrx_s                    
     000036F2  __divschar_rrx_s                   
     000036F9  __div8                             
     000036F9  __divschar_rrx_hds                 
     000036FD  __div_signexte                     
     00003701  __div16                            
     00003701  __divsint_rrx_hds                  
     00003727  __get_remainder                    
     00003731  __divuint_rrx_s                    
     00003739  __divuchar_rrx_s                   
     00003740  __divu8                            
     00003740  __divuchar_rrx_hds                 
     00003743  __divu16                           
     00003743  __divuint_rrx_hds                  
     00003772  __modsuchar_rrx_s                  
     00003781  __moduschar_rrx_s                  
     00003793  __divsuchar_rrx_s                  
     0000379F  __divuschar_rrx_s                  
     000037AE  __modschar_rrx_s                   
     000037B5  __modschar_rrx_hds                 
     000037BB  __modsint_rrx_s                    
     000037C1  __modsint_rrx_hds                  
     000037C7  __muluchar_rrx_s                   
     000037D9  __mulsuchar_rrx_s                  
     000037E3  __muluschar_rrx_s                  
     000037ED  __mulschar_rrx_s                   
     000037F4  __mulschar_rrx_hds                 
     00003800  __modslong                         _modslong
     00003800  __modslong_start                   _modslong
     000038A4  __modslong_end                     _modslong
     000038A4  __modulong                         _modulong
     000038A4  __modulong_start                   _modulong
     00003961  __divslong                         _divslong
     00003961  __divslong_start                   _divslong
     00003961  __modulong_end                     _modulong
     00003A17  __divslong_end                     _divslong
     00003A17  __mulint_rrx_s                     
     00003A1D  __mulint_rrx_hds                   
     00003A1D  __muluchar_rrx_hds                 
     00003A1F  __mul16                            
     00003A33  __divulong                         _divulong
     00003A33  __divulong_start                   _divulong
     00003AB1  __divulong_end                     _divulong
ASxxxx Linker V03.00 + NoICE + sdld,  page 6.
Hexadecimal  [32-Bits]

Area                                    Addr        Size        Decimal Bytes (Attributes)
--------------------------------        ----        ----        ------- ----- ------------
_CODE                               00000090    00003BDB =       15323. bytes (REL,CON)

      Value  Global                              Global Defined In Module
      -----  --------------------------------   ------------------------
     00003AB1  _isprint                           isprint
     00003AB1  _isprint_start                     isprint
     00003AED  __mullong                          _mullong
     00003AED  __mullong_start                    _mullong
     00003AED  _isprint_end                       isprint
     00003C6B  __mullong_end                      _mullong

ASxxxx Linker V03.00 + NoICE + sdld,  page 7.
Hexadecimal  [32-Bits]

Area                                    Addr        Size        Decimal Bytes (Attributes)
--------------------------------        ----        ----        ------- ----- ------------
_HEADER0                            00000000    00000003 =           3. bytes (ABS,CON)

      Value  Global                              Global Defined In Module
      -----  --------------------------------   ------------------------
ASxxxx Linker V03.00 + NoICE + sdld,  page 8.
Hexadecimal  [32-Bits]

Area                                    Addr        Size        Decimal Bytes (Attributes)
--------------------------------        ----        ----        ------- ----- ------------
_HEADER7                            00000000    00000003 =           3. bytes (ABS,CON)

      Value  Global                              Global Defined In Module
      -----  --------------------------------   ------------------------
ASxxxx Linker V03.00 + NoICE + sdld,  page 9.
Hexadecimal  [32-Bits]

Area                                    Addr        Size        Decimal Bytes (Attributes)
--------------------------------        ----        ----        ------- ----- ------------
_HEADER8                            00000000    00000003 =           3. bytes (ABS,CON)

      Value  Global                              Global Defined In Module
      -----  --------------------------------   ------------------------
ASxxxx Linker V03.00 + NoICE + sdld,  page 10.
Hexadecimal  [32-Bits]

Area                                    Addr        Size        Decimal Bytes (Attributes)
--------------------------------        ----        ----        ------- ----- ------------
_HEADER9                            00000000    0000000A =          10. bytes (ABS,CON)

      Value  Global                              Global Defined In Module
      -----  --------------------------------   ------------------------
ASxxxx Linker V03.00 + NoICE + sdld,  page 11.
Hexadecimal  [32-Bits]

Area                                    Addr        Size        Decimal Bytes (Attributes)
--------------------------------        ----        ----        ------- ----- ------------
_INITIALIZER                        00003C6B    0000001E =          30. bytes (REL,CON)

      Value  Global                              Global Defined In Module
      -----  --------------------------------   ------------------------
ASxxxx Linker V03.00 + NoICE + sdld,  page 12.
Hexadecimal  [32-Bits]

Area                                    Addr        Size        Decimal Bytes (Attributes)
--------------------------------        ----        ----        ------- ----- ------------
_GSINIT                             00003C89    0000000F =          15. bytes (REL,CON)

      Value  Global                              Global Defined In Module
      -----  --------------------------------   ------------------------
     00003C89  gsinit                             init

ASxxxx Linker V03.00 + NoICE + sdld,  page 13.
Hexadecimal  [32-Bits]

Area                                    Addr        Size        Decimal Bytes (Attributes)
--------------------------------        ----        ----        ------- ----- ------------
_GSFINAL                            00003C98    00000001 =           1. bytes (REL,CON)

      Value  Global                              Global Defined In Module
      -----  --------------------------------   ------------------------
ASxxxx Linker V03.00 + NoICE + sdld,  page 14.
Hexadecimal  [32-Bits]

Area                                    Addr        Size        Decimal Bytes (Attributes)
--------------------------------        ----        ----        ------- ----- ------------
_DATA                               00008000    00000FA7 =        4007. bytes (REL,CON)

      Value  Global                              Global Defined In Module
      -----  --------------------------------   ------------------------
     00008000  ___ret_aux                         main
     00008001  _cuadroMorado                      main
     00008321  _rana                              main
     00008641  _rana2                             main
     00008961  _rana3                             main
     00008C81  _rana4                             main
     00008FA1  _jug                               main

ASxxxx Linker V03.00 + NoICE + sdld,  page 15.
Hexadecimal  [32-Bits]

Area                                    Addr        Size        Decimal Bytes (Attributes)
--------------------------------        ----        ----        ------- ----- ------------
_INITIALIZED                        00008FA7    0000001E =          30. bytes (REL,CON)

      Value  Global                              Global Defined In Module
      -----  --------------------------------   ------------------------
ASxxxx Linker V03.00 + NoICE + sdld,  page 16.

Files Linked                              [ module(s) ]

_build/sysmap.rel                         [ init ]
_build/Z80-Template-Proyect.rel           [ main ]


Libraries Linked                          [ object file ]

/usr/bin/../share/sdcc/lib/z80/z80.lib    [ stubs.rel ]
/usr/bin/../share/sdcc/lib/z80/z80.lib    [ modunsigned.rel ]
/usr/bin/../share/sdcc/lib/z80/z80.lib    [ divsigned.rel ]
/usr/bin/../share/sdcc/lib/z80/z80.lib    [ divunsigned.rel ]
/usr/bin/../share/sdcc/lib/z80/z80.lib    [ modmixed.rel ]
/usr/bin/../share/sdcc/lib/z80/z80.lib    [ divmixed.rel ]
/usr/bin/../share/sdcc/lib/z80/z80.lib    [ modsigned.rel ]
/usr/bin/../share/sdcc/lib/z80/z80.lib    [ mulchar.rel ]
/usr/bin/../share/sdcc/lib/z80/z80.lib    [ _modslong.rel ]
/usr/bin/../share/sdcc/lib/z80/z80.lib    [ _modulong.rel ]
/usr/bin/../share/sdcc/lib/z80/z80.lib    [ _divslong.rel ]
/usr/bin/../share/sdcc/lib/z80/z80.lib    [ mul.rel ]
/usr/bin/../share/sdcc/lib/z80/z80.lib    [ _divulong.rel ]
/usr/bin/../share/sdcc/lib/z80/z80.lib    [ isprint.rel ]
/usr/bin/../share/sdcc/lib/z80/z80.lib    [ _mullong.rel ]

ASxxxx Linker V03.00 + NoICE + sdld,  page 17.

User Base Address Definitions

_CODE = 0x0090
_DATA = 0x8000

